
Allocating common symbols
Common symbol       size              file

ones                0x1               build/main.o
ISCN                0x4               build/main.o
rbuf                0x4               build/main.o
alarm               0x1               build/main.o
buffer              0x4               build/main.o
tens                0x1               build/main.o
tbuf                0x4               build/main.o

Memory Configuration

Name             Origin             Length             Attributes
*default*        0x00000000         0xffffffff

Linker script and memory map

LOAD build/boot.o
LOAD build/uart.o
LOAD build/bcm2835.o
LOAD build/main.o
LOAD build/i2c.o
                0x00000000                . = 0x0

.text           0x00000000     0xa46c
 *(.text)
 .text          0x00000000     0x8104 build/boot.o
                0x00000000                vectors
                0x00008000                reset
                0x000080b0                reboot
                0x000080b4                enable_arm_irq
                0x000080c4                disable_arm_irq
                0x000080d4                enable_arm_fiq
                0x000080e4                disable_arm_fiq
                0x000080f4                vfp11_add
 .text          0x00008104      0x24c build/uart.o
                0x00008198                uart_init
                0x00008264                uart_putc
                0x000082bc                uart_readc
                0x00008308                uart_puts
 .text          0x00008350      0x72c build/bcm2835.o
                0x00008350                bcm2835_st_read
                0x000083e4                bcm2835_spi_transfernb
                0x00008534                bcm2835_gpio_set
                0x0000859c                bcm2835_gpio_fsel
                0x00008658                bcm2835_peri_read
                0x00008694                bcm2835_st_delay
                0x000086dc                bcm2835_delayMicroseconds
                0x00008708                bcm2835_peri_read_nb
                0x00008730                bcm2835_peri_write
                0x00008768                bcm2835_peri_write_nb
                0x00008794                bcm2835_peri_set_bits
                0x000087f0                bcm2835_gpio_clr
                0x00008858                bcm2835_gpio_write
                0x000088a4                bcm2835_spi_chipSelect
                0x000088e4                bcm2835_spi_setChipSelectPolarity
                0x00008950                bcm2835_gpio_pud
                0x00008990                bcm2835_gpio_pudclk
                0x00008a0c                bcm2835_gpio_set_pud
 .text          0x00008a7c     0x16c4 build/main.o
                0x00008ae8                falling_edge
                0x00008b58                enable_irq_57
                0x00008b74                disable_irq_57
                0x00008b90                enable_irq_52
                0x00008bec                enable_1hz
                0x00008c64                read_char_buffer
                0x00008cbc                banner
                0x00008ce0                BCDtoUint8
                0x00008d38                DATE
                0x0000931c                TIME
                0x00009934                ALARM
                0x00009ea8                RES
                0x00009eb8                HELP
                0x00009ed0                displaycommandline
                0x00009ee4                VFP11
                0x00009ef8                command
                0x00009ff4                logon
                0x0000a00c                kernel_main
                0x0000a098                irq_handler
 .text          0x0000a140      0x32c build/i2c.o
                0x0000a140                bcm2835_i2c_begin
                0x0000a164                bcm2835_i2c_end
                0x0000a188                bcm2835_i2c_setSlaveAddress
                0x0000a1c8                bcm2835_i2c_setClockDivider
                0x0000a208                bcm2835_i2c_write
                0x0000a2d8                bcm2835_i2c_read

.glue_7         0x0000a46c        0x0
 .glue_7        0x00000000        0x0 linker stubs

.glue_7t        0x0000a46c        0x0
 .glue_7t       0x00000000        0x0 linker stubs

.vfp11_veneer   0x0000a46c        0x0
 .vfp11_veneer  0x00000000        0x0 linker stubs

.v4_bx          0x0000a46c        0x0
 .v4_bx         0x00000000        0x0 linker stubs

.iplt           0x0000a46c        0x0
 .iplt          0x00000000        0x0 build/boot.o

.rodata         0x0000a46c      0x510
 *(.rodata)
 .rodata        0x0000a46c      0x510 build/main.o
                0x0000a46c                MS1
                0x0000a488                MS2
                0x0000a4c0                MS3
                0x0000a4cc                MS4

.rel.dyn        0x0000a97c        0x0
 .rel.iplt      0x00000000        0x0 build/boot.o

.data           0x0000a97c      0x340
 *(.data)
 .data          0x0000a97c        0x0 build/boot.o
 .data          0x0000a97c        0x0 build/uart.o
 .data          0x0000a97c        0x0 build/bcm2835.o
 .data          0x0000a97c      0x33c build/main.o
                0x0000a97c                N
                0x0000ac9c                bcm2835_gpio
                0x0000aca0                bcm2835_clk
                0x0000aca4                bcm2835_pads
                0x0000aca8                bcm2835_spi0
                0x0000acac                bcm2835_bsc0
                0x0000acb0                bcm2835_bsc1
                0x0000acb4                bcm2835_st
 .data          0x0000acb8        0x4 build/i2c.o

.igot.plt       0x0000acbc        0x0
 .igot.plt      0x00000000        0x0 build/boot.o

.bss            0x0000acbc       0x20
 *(.bss)
 .bss           0x0000acbc        0x0 build/boot.o
 .bss           0x0000acbc        0x0 build/uart.o
 .bss           0x0000acbc        0x0 build/bcm2835.o
 .bss           0x0000acbc        0x4 build/main.o
                0x0000acbc                cbuf
 .bss           0x0000acc0        0x0 build/i2c.o
 COMMON         0x0000acc0       0x1c build/main.o
                0x0000acc0                ones
                0x0000acc4                ISCN
                0x0000acc8                rbuf
                0x0000accc                alarm
                0x0000acd0                buffer
                0x0000acd4                tens
                0x0000acd8                tbuf
OUTPUT(build/output.elf elf32-littlearm)

.ARM.attributes
                0x00000000       0x27
 .ARM.attributes
                0x00000000       0x16 build/boot.o
 .ARM.attributes
                0x00000016       0x2b build/uart.o
 .ARM.attributes
                0x00000041       0x2b build/bcm2835.o
 .ARM.attributes
                0x0000006c       0x2b build/main.o
 .ARM.attributes
                0x00000097       0x2b build/i2c.o

.comment        0x00000000       0x22
 .comment       0x00000000       0x22 build/uart.o
                                 0x23 (size before relaxing)
 .comment       0x00000000       0x23 build/bcm2835.o
 .comment       0x00000000       0x23 build/main.o
 .comment       0x00000000       0x23 build/i2c.o

.note.GNU-stack
                0x00000000        0x0
 .note.GNU-stack
                0x00000000        0x0 build/uart.o
 .note.GNU-stack
                0x00000000        0x0 build/bcm2835.o
 .note.GNU-stack
                0x00000000        0x0 build/main.o
 .note.GNU-stack
                0x00000000        0x0 build/i2c.o
